Archive member included because of file (symbol)

/home/piiiters/esp-open-sdk/sdk/lib/libmain.a(debug-vector.o)
                              (_DebugExceptionVector)
/home/piiiters/esp-open-sdk/sdk/lib/libmain.a(double-vector.o)
                              (_DoubleExceptionVector)
/home/piiiters/esp-open-sdk/sdk/lib/libmain.a(kernel-vector.o)
                              (_KernelExceptionVector)
/home/piiiters/esp-open-sdk/sdk/lib/libmain.a(nmi-vector.o)
                              (_NMIExceptionVector)
/home/piiiters/esp-open-sdk/sdk/lib/libmain.a(user-vector.o)
                              (_UserExceptionVector)
/home/piiiters/esp-open-sdk/sdk/lib/libmain.a(vector.o)
                              (call_user_start)
/home/piiiters/esp-open-sdk/sdk/lib/libmain.a(app_main.o)
                              /home/piiiters/esp-open-sdk/sdk/lib/libmain.a(nmi-vector.o) (NMI_Handler)
/home/piiiters/esp-open-sdk/sdk/lib/libmain.a(ets_timer.o)
                              /home/piiiters/esp-open-sdk/sdk/lib/libmain.a(app_main.o) (ets_timer_setfn)
/home/piiiters/esp-open-sdk/sdk/lib/libmain.a(mem_manager.o)
                              /home/piiiters/esp-open-sdk/sdk/lib/libmain.a(app_main.o) (pvPortMalloc)
/home/piiiters/esp-open-sdk/sdk/lib/libmain.a(spi_flash.o)
                              /home/piiiters/esp-open-sdk/sdk/lib/libmain.a(app_main.o) (spi_flash_read)
/home/piiiters/esp-open-sdk/sdk/lib/libmain.a(user_interface.o)
                              /home/piiiters/esp-open-sdk/sdk/lib/libmain.a(app_main.o) (done_cb)
/home/piiiters/esp-open-sdk/sdk/lib/libmain.a(eagle_lib.o)
                              /home/piiiters/esp-open-sdk/sdk/lib/libmain.a(user_interface.o) (ets_sprintf)
/home/piiiters/esp-open-sdk/sdk/lib/libmain.a(eagle_lwip_if.o)
                              /home/piiiters/esp-open-sdk/sdk/lib/libmain.a(user_interface.o) (hostname)
/home/piiiters/projects/esp8266/sming/Sming/Sming/compiler/lib//libsming.a(user_main.o)
                              /home/piiiters/esp-open-sdk/sdk/lib/libmain.a(app_main.o) (user_init)
/home/piiiters/projects/esp8266/sming/Sming/Sming/compiler/lib//libsming.a(System.o)
                              /home/piiiters/projects/esp8266/sming/Sming/Sming/compiler/lib//libsming.a(user_main.o) (_ZN11SystemClass10initializeEv)
/home/piiiters/projects/esp8266/sming/Sming/Sming/compiler/lib//libsming.a(esp_cplusplus.o)
                              /home/piiiters/projects/esp8266/sming/Sming/Sming/compiler/lib//libsming.a(user_main.o) (cpp_core_initialize)
/home/piiiters/projects/esp8266/sming/Sming/Sming/compiler/lib//libsming.a(m_printf.o)
                              /home/piiiters/projects/esp8266/sming/Sming/Sming/compiler/lib//libsming.a(esp_cplusplus.o) (m_printf)
/home/piiiters/projects/esp8266/sming/Sming/Sming/compiler/lib//libsming.a(stringconversion.o)
                              /home/piiiters/projects/esp8266/sming/Sming/Sming/compiler/lib//libsming.a(m_printf.o) (ltoa_w)
/home/piiiters/projects/esp8266/sming/Sming/Sming/compiler/lib//libsming.a(IPAddress.o)
                              /home/piiiters/projects/esp8266/sming/Sming/Sming/compiler/lib//libsming.a(user_main.o) (_ZN9IPAddressC1Ehhhh)
/home/piiiters/projects/esp8266/sming/Sming/Sming/compiler/lib//libsming.a(Print.o)
                              /home/piiiters/projects/esp8266/sming/Sming/Sming/compiler/lib//libsming.a(IPAddress.o) (_ZN5Print5printEc)
/home/piiiters/projects/esp8266/sming/Sming/Sming/compiler/lib//libsming.a(WString.o)
                              /home/piiiters/projects/esp8266/sming/Sming/Sming/compiler/lib//libsming.a(IPAddress.o) (_ZN6StringD1Ev)
/home/piiiters/projects/esp8266/sming/Sming/Sming/compiler/lib//libsming.a(Interrupts.o)
                              /home/piiiters/projects/esp8266/sming/Sming/Sming/compiler/lib//libsming.a(System.o) (_Z12noInterruptsv)
/home/piiiters/projects/esp8266/sming/Sming/Sming/compiler/lib//libsming.a(Digital.o)
                              /home/piiiters/projects/esp8266/sming/Sming/Sming/compiler/lib//libsming.a(Interrupts.o) (_Z7pinModeth)
out/build/app_app.a(application.o)
                              /home/piiiters/projects/esp8266/sming/Sming/Sming/compiler/lib//libsming.a(user_main.o) (_Z4initv)
/home/piiiters/projects/esp8266/sming/Sming/Sming/compiler/lib//libmicroc.a(isspace.o)
                              /home/piiiters/projects/esp8266/sming/Sming/Sming/compiler/lib//libsming.a(WString.o) (isspace)
/home/piiiters/projects/esp8266/sming/Sming/Sming/compiler/lib//libmicroc.a(tolower.o)
                              /home/piiiters/projects/esp8266/sming/Sming/Sming/compiler/lib//libsming.a(WString.o) (tolower)
/home/piiiters/projects/esp8266/sming/Sming/Sming/compiler/lib//libmicroc.a(toupper.o)
                              /home/piiiters/projects/esp8266/sming/Sming/Sming/compiler/lib//libsming.a(WString.o) (toupper)
/home/piiiters/projects/esp8266/sming/Sming/Sming/compiler/lib//libmicroc.a(atof.o)
[...]
Memory Configuration

Name             Origin             Length             Attributes
dport0_0_seg     0x000000003ff00000 0x0000000000000010
dram0_0_seg      0x000000003ffe8000 0x0000000000014000
iram1_0_seg      0x0000000040100000 0x0000000000008000
irom0_0_seg      0x0000000040209000 0x0000000000078000
*default*        0x0000000000000000 0xffffffffffffffff

Linker script and memory map

START GROUP
LOAD /home/piiiters/projects/esp8266/sming/Sming/Sming/compiler/lib//libmicroc.a
LOAD /home/piiiters/projects/esp8266/sming/Sming/Sming/compiler/lib//libmicrogcc.a
LOAD /home/piiiters/esp-open-sdk/xtensa-lx106-elf/xtensa-lx106-elf/sysroot/usr/lib/libhal.a
LOAD /home/piiiters/esp-open-sdk/sdk/lib/libphy.a
LOAD /home/piiiters/esp-open-sdk/sdk/lib/libpp.a
LOAD /home/piiiters/esp-open-sdk/sdk/lib/libnet80211.a
LOAD /home/piiiters/esp-open-sdk/sdk/lib/liblwip.a
LOAD /home/piiiters/esp-open-sdk/sdk/lib/libwpa.a
LOAD /home/piiiters/esp-open-sdk/sdk/lib/libmain.a
LOAD /home/piiiters/projects/esp8266/sming/Sming/Sming/compiler/lib//libsming.a
LOAD /home/piiiters/esp-open-sdk/sdk/lib/libcrypto.a
LOAD /home/piiiters/esp-open-sdk/sdk/lib/libpwm.a
LOAD /home/piiiters/esp-open-sdk/sdk/lib/libsmartconfig.a
LOAD out/build/app_app.a
END GROUP
                0x0000000040000000                PROVIDE (_memmap_vecbase_reset, 0x40000000)
                0x0000000000000110                _memmap_cacheattr_wb_base = 0x110
                0x0000000000000110                _memmap_cacheattr_wt_base = 0x110
                0x0000000000000220                _memmap_cacheattr_bp_base = 0x220
                0x00000000fffff00f                _memmap_cacheattr_unused_mask = 0xfffff00f
                0x000000002222211f                _memmap_cacheattr_wb_trapnull = 0x2222211f
                0x000000002222211f                _memmap_cacheattr_wba_trapnull = 0x2222211f
                0x000000002222211f                _memmap_cacheattr_wbna_trapnull = 0x2222211f
                0x000000002222211f                _memmap_cacheattr_wt_trapnull = 0x2222211f
                0x000000002222222f                _memmap_cacheattr_bp_trapnull = 0x2222222f
                0x00000000fffff11f                _memmap_cacheattr_wb_strict = 0xfffff11f
                0x00000000fffff11f                _memmap_cacheattr_wt_strict = 0xfffff11f
                0x00000000fffff22f                _memmap_cacheattr_bp_strict = 0xfffff22f
                0x0000000022222112                _memmap_cacheattr_wb_allvalid = 0x22222112
                0x0000000022222112                _memmap_cacheattr_wt_allvalid = 0x22222112
                0x0000000022222222                _memmap_cacheattr_bp_allvalid = 0x22222222
                0x000000002222211f                PROVIDE (_memmap_cacheattr_reset, _memmap_cacheattr_wb_trapnull)

.dport0.rodata  0x000000003ff00000        0x0
                0x000000003ff00000                _dport0_rodata_start = ABSOLUTE (.)
 *(.dport0.rodata)
 *(.dport.rodata)
                0x000000003ff00000                _dport0_rodata_end = ABSOLUTE (.)

.dport0.literal
                0x000000003ff00000        0x0
                0x000000003ff00000                _dport0_literal_start = ABSOLUTE (.)
 *(.dport0.literal)
 *(.dport.literal)
                0x000000003ff00000                _dport0_literal_end = ABSOLUTE (.)

.dport0.data    0x000000003ff00000        0x0
                0x000000003ff00000                _dport0_data_start = ABSOLUTE (.)
 *(.dport0.data)
 *(.dport.data)
                0x000000003ff00000                _dport0_data_end = ABSOLUTE (.)

.data           0x000000003ffe8000      0x375
                0x000000003ffe8000                _data_start = ABSOLUTE (.)
 *(.data)
 .data          0x000000003ffe8000        0x4 /home/piiiters/esp-open-sdk/sdk/lib/libmain.a(nmi-vector.o)
                0x000000003ffe8000                _Pri_3_HandlerAddress
 .data          0x000000003ffe8004        0x1 /home/piiiters/esp-open-sdk/sdk/lib/libmain.a(app_main.o)
 *fill*         0x000000003ffe8005        0x3 
 .data          0x000000003ffe8008        0x6 /home/piiiters/esp-open-sdk/sdk/lib/libmain.a(user_interface.o)
                0x000000003ffe8009                timer2_ms_flag
                0x000000003ffe800a                dhcps_flag
                0x000000003ffe800b                dhcpc_flag
                0x000000003ffe800d                reconnect_internal
 *fill*         0x000000003ffe800e        0x2 
 .data          0x000000003ffe8010        0x1 /home/piiiters/esp-open-sdk/sdk/lib/libmain.a(eagle_lwip_if.o)
                0x000000003ffe8010                default_hostname
 *fill*         0x000000003ffe8011        0xf 
 .data          0x000000003ffe8020       0x53 /home/piiiters/esp-open-sdk/sdk/lib/libphy.a(phy_chip_v6.o)
                0x000000003ffe8022                tx_rf_ana_gain
                0x000000003ffe8050                rx_gain_swp
                0x000000003ffe8070                test_rffreq_txcap
 *fill*         0x000000003ffe8073        0x1 
 .data          0x000000003ffe8074        0x4 /home/piiiters/esp-open-sdk/sdk/lib/libphy.a(phy_sleep.o)
                0x000000003ffe8074                chip_version
 .data          0x000000003ffe8078        0x1 /home/piiiters/esp-open-sdk/sdk/lib/libpp.a(pm.o)
 *fill*         0x000000003ffe8079        0x3 
 .data          0x000000003ffe807c        0x1 /home/piiiters/esp-open-sdk/sdk/lib/libpp.a(pm_for_bcn_only_mode.o)
 *fill*         0x000000003ffe807d        0x3 
 .data          0x000000003ffe8080       0x1c /home/piiiters/esp-open-sdk/sdk/lib/libpp.a(pp.o)
                0x000000003ffe8080                soft_wdt_interval
                0x000000003ffe8084                NoiseTimerInterval
                0x000000003ffe808c                sleep_start_wait_time
                0x000000003ffe8094                CanDoFreqCal
                0x000000003ffe8098                tcb
 *fill*         0x000000003ffe809c        0x4 
 .data          0x000000003ffe80a0       0x40 /home/piiiters/esp-open-sdk/sdk/lib/libpp.a(rate_control.o)
 .data          0x000000003ffe80e0      0x24c /home/piiiters/esp-open-sdk/sdk/lib/libpp.a(trc.o)
 .data          0x000000003ffe832c        0x8 /home/piiiters/esp-open-sdk/sdk/lib/libpp.a(wdev.o)
 .data          0x000000003ffe8334        0x1 /home/piiiters/esp-open-sdk/sdk/lib/libnet80211.a(ieee80211_hostap.o)
                0x000000003ffe8334                TmpSTAAPCloseAP
 *fill*         0x000000003ffe8335        0x3 
 .data          0x000000003ffe8338        0x1 /home/piiiters/esp-open-sdk/sdk/lib/libnet80211.a(wl_cnx.o)
 *fill*         0x000000003ffe8339        0x7 
 .data          0x000000003ffe8340       0x1c /home/piiiters/esp-open-sdk/sdk/lib/libnet80211.a(ieee80211_action.o)
 .data          0x000000003ffe835c        0x4 /home/piiiters/esp-open-sdk/sdk/lib/liblwip.a(dhcp.o)
 .data          0x000000003ffe8360        0x5 /home/piiiters/esp-open-sdk/sdk/lib/liblwip.a(dhcpserver.o)
                0x000000003ffe8360                dhcps_lease_time
 *fill*         0x000000003ffe8365        0x3 
 .data          0x000000003ffe8368        0x8 /home/piiiters/esp-open-sdk/sdk/lib/liblwip.a(tcp.o)
 *(.data.*)
 .data.cbc_printchar
                0x000000003ffe8370        0x4 /home/piiiters/projects/esp8266/sming/Sming/Sming/compiler/lib//libsming.a(m_printf.o)
                0x000000003ffe8370                cbc_printchar
 .data.bt_pin   0x000000003ffe8374        0x1 out/build/app_app.a(application.o)
                0x000000003ffe8374                bt_pin
 *(.gnu.linkonce.d.*)
 *(.data1)
 *(.sdata)
 *(.sdata.*)
 *(.gnu.linkonce.s.*)
 *(.sdata2)
 *(.sdata2.*)
 *(.gnu.linkonce.s2.*)
 *(.jcr)
                0x000000003ffe8375                _data_end = ABSOLUTE (.)

.rodata         0x000000003ffe8380     0x152c
                0x000000003ffe8380                _rodata_start = ABSOLUTE (.)
 *(.sdk.version)
 .sdk.version   0x000000003ffe8380       0x10 /home/piiiters/esp-open-sdk/sdk/lib/libmain.a(app_main.o)
                0x000000003ffe8380                SDK_VERSION
 *(.rodata)
 .rodata        0x000000003ffe8390        0x8 /home/piiiters/esp-open-sdk/sdk/lib/libphy.a(phy_chip_v6.o)
 .rodata        0x000000003ffe8398        0x4 /home/piiiters/esp-open-sdk/sdk/lib/libpp.a(pp.o)
 .rodata        0x000000003ffe839c        0x8 /home/piiiters/esp-open-sdk/sdk/lib/libnet80211.a(ieee80211_hostap.o)
 .rodata        0x000000003ffe83a4        0x9 /home/piiiters/esp-open-sdk/sdk/lib/libnet80211.a(ieee80211_output.o)
 *fill*         0x000000003ffe83ad        0x3 
 .rodata        0x000000003ffe83b0        0x6 /home/piiiters/esp-open-sdk/sdk/lib/liblwip.a(etharp.o)
                0x000000003ffe83b0                ethbroadcast
 *(.rodata.*)
 *fill*         0x000000003ffe83b6        0x2 
 .rodata.str1.4
                0x000000003ffe83b8        0xc /home/piiiters/esp-open-sdk/sdk/lib/libmain.a(app_main.o)
 .rodata.str1.4
                0x000000003ffe83c4        0x4 /home/piiiters/esp-open-sdk/sdk/lib/libmain.a(ets_timer.o)
                                          0xc (size before relaxing)
 .rodata.str1.4
                0x000000003ffe83c8       0x1a /home/piiiters/esp-open-sdk/sdk/lib/libmain.a(mem_manager.o)
 *fill*         0x000000003ffe83e2        0x2 
 .rodata._ZL14EspDigitalPins
                0x000000003ffe83e4       0xc0 /home/piiiters/projects/esp8266/sming/Sming/Sming/compiler/lib//libsming.a(user_main.o)
 *fill*         0x000000003ffe84a4        0x4 
 .rodata._ZTV6VectorI8DelegateIFvvEEE
                0x000000003ffe84a8       0x1c /home/piiiters/projects/esp8266/sming/Sming/Sming/compiler/lib//libsming.a(System.o)
                0x000000003ffe84a8                _ZTV6VectorI8DelegateIFvvEEE
 *fill*         0x000000003ffe84c4        0x4 
 .rodata._ZTV6VectorIP19ISystemReadyHandlerE
                0x000000003ffe84c8       0x1c /home/piiiters/projects/esp8266/sming/Sming/Sming/compiler/lib//libsming.a(System.o)
                0x000000003ffe84c8                _ZTV6VectorIP19ISystemReadyHandlerE
 .rodata.str1.1
                0x000000003ffe84e4       0x41 /home/piiiters/projects/esp8266/sming/Sming/Sming/compiler/lib//libsming.a(esp_cplusplus.o)
 .rodata.str1.1
                0x000000003ffe8525       0x21 /home/piiiters/projects/esp8266/sming/Sming/Sming/compiler/lib//libsming.a(stringconversion.o)
 *fill*         0x000000003ffe8546        0x2 
 .rodata._ZTV9IPAddress
                0x000000003ffe8548        0xc /home/piiiters/projects/esp8266/sming/Sming/Sming/compiler/lib//libsming.a(IPAddress.o)
                0x000000003ffe8548                _ZTV9IPAddress
 .rodata.str1.1
                0x0000000000000000       0x21 /home/piiiters/projects/esp8266/sming/Sming/Sming/compiler/lib//libsming.a(WString.o)
                                          0x1 (size before relaxing)
 .rodata.str1.1
                0x000000003ffe8554       0x23 /home/piiiters/projects/esp8266/sming/Sming/Sming/compiler/lib//libsming.a(Digital.o)
 *fill*         0x000000003ffe8577        0x1 
 .rodata._ZL14EspDigitalPins
                0x000000003ffe8578       0xc0 /home/piiiters/projects/esp8266/sming/Sming/Sming/compiler/lib//libsming.a(Digital.o)
 .rodata.str1.1
                0x000000003ffe8638       0xfe out/build/app_app.a(application.o)
                                        0x101 (size before relaxing)
 *fill*         0x000000003ffe8736        0x2 
 .rodata._ZTV15IDelegateCallerIvIEE
                0x000000003ffe8738       0x14 out/build/app_app.a(application.o)
                0x000000003ffe8738                _ZTV15IDelegateCallerIvIEE
 *fill*         0x000000003ffe874c        0x4 
 .rodata._ZTV14FunctionCallerIPFvvEvIEE
                0x000000003ffe8750       0x14 out/build/app_app.a(application.o)
                0x000000003ffe8750                _ZTV14FunctionCallerIPFvvEvIEE
 *fill*         0x000000003ffe8764        0x4 
 .rodata._ZTV15IDelegateCallerIvIR10HttpClientbEE
                0x000000003ffe8768       0x14 out/build/app_app.a(application.o)
                0x000000003ffe8768                _ZTV15IDelegateCallerIvIR10HttpClientbEE
 *fill*         0x000000003ffe877c        0x4 
 .rodata._ZTV14FunctionCallerIPFvR10HttpClientbEvIS1_bEE
                0x000000003ffe8780       0x14 out/build/app_app.a(application.o)
                0x000000003ffe8780                _ZTV14FunctionCallerIPFvR10HttpClientbEvIS1_bEE
 .rodata.str1.1
                0x000000003ffe8794        0xc /home/piiiters/projects/esp8266/sming/Sming/Sming/compiler/lib//libmicroc.a(abort.o)
 .rodata.str1.4
                0x000000003ffe87a0        0x4 /home/piiiters/esp-open-sdk/sdk/lib/libpp.a(lmac.o)
                                          0xc (size before relaxing)
 .rodata.str1.4
                0x000000003ffe87a4        0x4 /home/piiiters/esp-open-sdk/sdk/lib/libpp.a(pm_for_bcn_only_mode.o)
                                          0xc (size before relaxing)
 .rodata.str1.4
                0x000000003ffe87a8        0x8 /home/piiiters/esp-open-sdk/sdk/lib/libpp.a(pp.o)
                                         0x10 (size before relaxing)
 .rodata.str1.4
                0x000000003ffe87b0        0x4 /home/piiiters/esp-open-sdk/sdk/lib/libpp.a(wdev.o)
                                          0xc (size before relaxing)
 .rodata.str1.4
                0x000000003ffe87b4        0x3 /home/piiiters/esp-open-sdk/sdk/lib/libnet80211.a(ieee80211_hostap.o)
                                          0x8 (size before relaxing)
 *fill*         0x000000003ffe87b7        0x1 
 .rodata.str1.4
                0x000000003ffe87b8        0x7 /home/piiiters/esp-open-sdk/sdk/lib/libnet80211.a(ieee80211_mesh_quick.o)
 .rodata.str1.4
                0x0000000000000000        0x4 /home/piiiters/esp-open-sdk/sdk/lib/libnet80211.a(ieee80211_sta.o)
 .rodata.str1.4
                0x0000000000000000        0x4 /home/piiiters/esp-open-sdk/sdk/lib/libnet80211.a(ieee80211_action_vendor.o)
 .rodata.str1.4
                0x0000000000000000        0x4 /home/piiiters/esp-open-sdk/sdk/lib/libnet80211.a(ieee80211_ie_vendor.o)
 .rodata.str1.4
                0x0000000000000000        0x7 /home/piiiters/esp-open-sdk/sdk/lib/liblwip.a(espconn_tcp.o)
                                          0x1 (size before relaxing)
 *fill*         0x000000003ffe87bf        0x1 
 .rodata.str1.4
                0x000000003ffe87c0       0x10 /home/piiiters/esp-open-sdk/sdk/lib/libwpa.a(wpa_debug.o)
                                          0xd (size before relaxing)
 .rodata.str1.1
                0x000000003ffe87d0      0x159 /home/piiiters/projects/esp8266/sming/Sming/Sming/compiler/lib//libsming.a(spiffs_sming.o)
                                        0x165 (size before relaxing)
 .rodata.str1.1
                0x0000000000000000      0x159 /home/piiiters/projects/esp8266/sming/Sming/Sming/compiler/lib//libsming.a(HardwareSerial.o)
                                          0x3 (size before relaxing)
 *fill*         0x000000003ffe8929        0x7 
 .rodata._ZTV14HardwareSerial
                0x000000003ffe8930       0x20 /home/piiiters/projects/esp8266/sming/Sming/Sming/compiler/lib//libsming.a(HardwareSerial.o)
                0x000000003ffe8930                _ZTV14HardwareSerial
 .rodata.str1.1
                0x000000003ffe8950       0xea /home/piiiters/projects/esp8266/sming/Sming/Sming/compiler/lib//libsming.a(HttpClient.o)
                                         0xf8 (size before relaxing)
 *fill*         0x000000003ffe8a3a        0x6 
 .rodata._ZTV10HttpClient
                0x000000003ffe8a40       0x40 /home/piiiters/projects/esp8266/sming/Sming/Sming/compiler/lib//libsming.a(HttpClient.o)
                0x000000003ffe8a40                _ZTV10HttpClient
 .rodata.str1.1
                0x000000003ffe8a80       0x1e /home/piiiters/projects/esp8266/sming/Sming/Sming/compiler/lib//libsming.a(TcpClient.o)
 *fill*         0x000000003ffe8a9e        0x2 
 .rodata._ZTV9TcpClient
                0x000000003ffe8aa0       0x3c /home/piiiters/projects/esp8266/sming/Sming/Sming/compiler/lib//libsming.a(TcpClient.o)
                0x000000003ffe8aa0                _ZTV9TcpClient
 .rodata.str1.1
                0x000000003ffe8adc      0x220 /home/piiiters/projects/esp8266/sming/Sming/Sming/compiler/lib//libsming.a(TcpConnection.o)
 *fill*         0x000000003ffe8cfc        0x4 
 .rodata._ZTV13TcpConnection
                0x000000003ffe8d00       0x38 /home/piiiters/projects/esp8266/sming/Sming/Sming/compiler/lib//libsming.a(TcpConnection.o)
                0x000000003ffe8d00                _ZTV13TcpConnection
 .rodata.str1.1
                0x0000000000000000        0xa /home/piiiters/projects/esp8266/sming/Sming/Sming/compiler/lib//libsming.a(URL.o)
 .rodata.str1.1
                0x000000003ffe8d38       0xf0 /home/piiiters/projects/esp8266/sming/Sming/Sming/compiler/lib//libsming.a(AccessPoint.o)
                                         0xf1 (size before relaxing)
 .rodata._ZTV19ISystemReadyHandler
                0x000000003ffe8e28       0x14 /home/piiiters/projects/esp8266/sming/Sming/Sming/compiler/lib//libsming.a(AccessPoint.o)
                0x000000003ffe8e28                _ZTV19ISystemReadyHandler
 *fill*         0x000000003ffe8e3c        0x4 
 .rodata._ZTV16AccessPointClass
                0x000000003ffe8e40       0x14 /home/piiiters/projects/esp8266/sming/Sming/Sming/compiler/lib//libsming.a(AccessPoint.o)
                0x000000003ffe8e40                _ZTV16AccessPointClass
 .rodata.str1.1
                0x000000003ffe8e54      0x26d /home/piiiters/projects/esp8266/sming/Sming/Sming/compiler/lib//libsming.a(Station.o)
                                        0x2a3 (size before relaxing)
 *fill*         0x000000003ffe90c1        0x7 
 .rodata._ZTV12StationClass
                0x000000003ffe90c8       0x14 /home/piiiters/projects/esp8266/sming/Sming/Sming/compiler/lib//libsming.a(Station.o)
                0x000000003ffe90c8                _ZTV12StationClass
 *fill*         0x000000003ffe90dc        0x4 
 .rodata._ZTV6VectorI7BssInfoE
                0x000000003ffe90e0       0x1c /home/piiiters/projects/esp8266/sming/Sming/Sming/compiler/lib//libsming.a(Station.o)
                0x000000003ffe90e0                _ZTV6VectorI7BssInfoE
 *fill*         0x000000003ffe90fc        0x4 
 .rodata._ZTV8WDTClass
                0x000000003ffe9100       0x14 /home/piiiters/projects/esp8266/sming/Sming/Sming/compiler/lib//libsming.a(WDT.o)
                0x000000003ffe9100                _ZTV8WDTClass
 .rodata.str1.1
                0x000000003ffe9114       0xf7 /home/piiiters/projects/esp8266/sming/Sming/Sming/compiler/lib//libsming.a(CommandExecutor.o)
                                         0xf8 (size before relaxing)
 .rodata.str1.1
                0x000000003ffe920b      0x3b3 /home/piiiters/projects/esp8266/sming/Sming/Sming/compiler/lib//libsming.a(CommandHandler.o)
                                        0x3bb (size before relaxing)
 .rodata.str1.1
                0x000000003ffe95be       0x59 /home/piiiters/projects/esp8266/sming/Sming/Sming/compiler/lib//libsming.a(flashmem.o)
 *fill*         0x000000003ffe9617        0x1 
 .rodata.CSWTCH$10
                0x000000003ffe9618       0x14 /home/piiiters/projects/esp8266/sming/Sming/Sming/compiler/lib//libsming.a(flashmem.o)
 .rodata.str1.1
                0x000000003ffe962c      0x13c /home/piiiters/projects/esp8266/sming/Sming/Sming/compiler/lib//libsming.a(DataSourceStream.o)
                                        0x13d (size before relaxing)
 .rodata._ZTV17IDataSourceStream
                0x000000003ffe9768       0x20 /home/piiiters/projects/esp8266/sming/Sming/Sming/compiler/lib//libsming.a(DataSourceStream.o)
                0x000000003ffe9768                _ZTV17IDataSourceStream
 .rodata._ZTV16MemoryDataStream
                0x000000003ffe9788       0x48 /home/piiiters/projects/esp8266/sming/Sming/Sming/compiler/lib//libsming.a(DataSourceStream.o)
                0x000000003ffe9788                _ZTV16MemoryDataStream
 .rodata.str1.1
                0x000000003ffe97d0       0x34 /home/piiiters/projects/esp8266/sming/Sming/Sming/compiler/lib//libsming.a(FileSystem.o)
                                         0x37 (size before relaxing)
 .rodata.str1.1
                0x0000000000000000        0x1 /home/piiiters/projects/esp8266/sming/Sming/Sming/compiler/lib//libsming.a(CommandDelegate.o)
 *(.gnu.linkonce.r.*)
 *(.rodata1)
                0x000000003ffe9804                __XT_EXCEPTION_TABLE__ = ABSOLUTE (.)
 *(.xt_except_table)
 *(.gcc_except_table)
 *(.gnu.linkonce.e.*)
 *(.gnu.version_r)
 *(.eh_frame)
                0x000000003ffe9804                . = ((. + 0x3) & 0xfffffffffffffffc)
                0x000000003ffe9804                __dso_handle = ABSOLUTE (.)
                0x000000003ffe9804                __init_array_start = ABSOLUTE (.)
 *crtbegin.o(.ctors)
 *(EXCLUDE_FILE(*crtend.o) .ctors)
 .ctors         0x000000003ffe9804        0x4 /home/piiiters/projects/esp8266/sming/Sming/Sming/compiler/lib//libsming.a(user_main.o)
 .ctors         0x000000003ffe9808        0x4 /home/piiiters/projects/esp8266/sming/Sming/Sming/compiler/lib//libsming.a(System.o)
 .ctors         0x000000003ffe980c        0x4 /home/piiiters/projects/esp8266/sming/Sming/Sming/compiler/lib//libsming.a(m_printf.o)
 .ctors         0x000000003ffe9810        0x4 /home/piiiters/projects/esp8266/sming/Sming/Sming/compiler/lib//libsming.a(IPAddress.o)
 .ctors         0x000000003ffe9814        0x4 /home/piiiters/projects/esp8266/sming/Sming/Sming/compiler/lib//libsming.a(Print.o)
 .ctors         0x000000003ffe9818        0x4 /home/piiiters/projects/esp8266/sming/Sming/Sming/compiler/lib//libsming.a(WString.o)
 .ctors         0x000000003ffe981c        0x4 /home/piiiters/projects/esp8266/sming/Sming/Sming/compiler/lib//libsming.a(Interrupts.o)
 .ctors         0x000000003ffe9820        0x4 /home/piiiters/projects/esp8266/sming/Sming/Sming/compiler/lib//libsming.a(Digital.o)
 .ctors         0x000000003ffe9824        0x4 out/build/app_app.a(application.o)
 .ctors         0x000000003ffe9828        0x4 /home/piiiters/projects/esp8266/sming/Sming/Sming/compiler/lib//libsming.a(HardwareSerial.o)
 .ctors         0x000000003ffe982c        0x4 /home/piiiters/projects/esp8266/sming/Sming/Sming/compiler/lib//libsming.a(HttpClient.o)
 .ctors         0x000000003ffe9830        0x4 /home/piiiters/projects/esp8266/sming/Sming/Sming/compiler/lib//libsming.a(TcpClient.o)
 .ctors         0x000000003ffe9834        0x4 /home/piiiters/projects/esp8266/sming/Sming/Sming/compiler/lib//libsming.a(TcpConnection.o)
 .ctors         0x000000003ffe9838        0x4 /home/piiiters/projects/esp8266/sming/Sming/Sming/compiler/lib//libsming.a(AccessPoint.o)
 .ctors         0x000000003ffe983c        0x4 /home/piiiters/projects/esp8266/sming/Sming/Sming/compiler/lib//libsming.a(Station.o)
 .ctors         0x000000003ffe9840        0x4 /home/piiiters/projects/esp8266/sming/Sming/Sming/compiler/lib//libsming.a(WDT.o)
 .ctors         0x000000003ffe9844        0x4 /home/piiiters/projects/esp8266/sming/Sming/Sming/compiler/lib//libsming.a(CommandExecutor.o)
 .ctors         0x000000003ffe9848        0x4 /home/piiiters/projects/esp8266/sming/Sming/Sming/compiler/lib//libsming.a(CommandHandler.o)
 .ctors         0x000000003ffe984c        0x4 /home/piiiters/projects/esp8266/sming/Sming/Sming/compiler/lib//libsming.a(CommandOutput.o)
 .ctors         0x000000003ffe9850        0x4 /home/piiiters/projects/esp8266/sming/Sming/Sming/compiler/lib//libsming.a(DateTime.o)
 .ctors         0x000000003ffe9854        0x4 /home/piiiters/projects/esp8266/sming/Sming/Sming/compiler/lib//libsming.a(Clock.o)
 .ctors         0x000000003ffe9858        0x4 /home/piiiters/projects/esp8266/sming/Sming/Sming/compiler/lib//libsming.a(DataSourceStream.o)
 .ctors         0x000000003ffe985c        0x4 /home/piiiters/projects/esp8266/sming/Sming/Sming/compiler/lib//libsming.a(SystemClock.o)
 .ctors         0x000000003ffe9860        0x4 /home/piiiters/projects/esp8266/sming/Sming/Sming/compiler/lib//libsming.a(WebSocket.o)
 .ctors         0x000000003ffe9864        0x4 /home/piiiters/projects/esp8266/sming/Sming/Sming/compiler/lib//libsming.a(RTC.o)
 .ctors         0x000000003ffe9868        0x4 /home/piiiters/projects/esp8266/sming/Sming/Sming/compiler/lib//libsming.a(ArduinoJson.o)
 .ctors         0x000000003ffe986c        0x4 /home/piiiters/projects/esp8266/sming/Sming/Sming/compiler/lib//libsming.a(CommandDelegate.o)
 .ctors         0x000000003ffe9870        0x4 /home/piiiters/projects/esp8266/sming/Sming/Sming/compiler/lib//libsming.a(HttpRequest.o)
 .ctors         0x000000003ffe9874        0x4 /home/piiiters/projects/esp8266/sming/Sming/Sming/compiler/lib//libsming.a(HttpResponse.o)
 .ctors         0x000000003ffe9878        0x4 /home/piiiters/projects/esp8266/sming/Sming/Sming/compiler/lib//libsming.a(HttpServer.o)
 .ctors         0x000000003ffe987c        0x4 /home/piiiters/projects/esp8266/sming/Sming/Sming/compiler/lib//libsming.a(TcpServer.o)
 .ctors         0x000000003ffe9880        0x4 /home/piiiters/projects/esp8266/sming/Sming/Sming/compiler/lib//libsming.a(HttpServerConnection.o)
 *(SORT(.ctors.*))
 *(.ctors)
                0x000000003ffe9884                __init_array_end = ABSOLUTE (.)
 *crtbegin.o(.dtors)
 *(EXCLUDE_FILE(*crtend.o) .dtors)
 .dtors         0x000000003ffe9884        0x4 /home/piiiters/projects/esp8266/sming/Sming/Sming/compiler/lib//libsming.a(System.o)
 .dtors         0x000000003ffe9888        0x4 /home/piiiters/projects/esp8266/sming/Sming/Sming/compiler/lib//libsming.a(Interrupts.o)
 .dtors         0x000000003ffe988c        0x4 out/build/app_app.a(application.o)
 .dtors         0x000000003ffe9890        0x4 /home/piiiters/projects/esp8266/sming/Sming/Sming/compiler/lib//libsming.a(HardwareSerial.o)
 .dtors         0x000000003ffe9894        0x4 /home/piiiters/projects/esp8266/sming/Sming/Sming/compiler/lib//libsming.a(AccessPoint.o)
 .dtors         0x000000003ffe9898        0x4 /home/piiiters/projects/esp8266/sming/Sming/Sming/compiler/lib//libsming.a(Station.o)
 .dtors         0x000000003ffe989c        0x4 /home/piiiters/projects/esp8266/sming/Sming/Sming/compiler/lib//libsming.a(WDT.o)
 .dtors         0x000000003ffe98a0        0x4 /home/piiiters/projects/esp8266/sming/Sming/Sming/compiler/lib//libsming.a(CommandHandler.o)
 *(SORT(.dtors.*))
 *(.dtors)
                0x000000003ffe98a4                __XT_EXCEPTION_DESCS__ = ABSOLUTE (.)
 *(.xt_except_desc)
 *(.gnu.linkonce.h.*)
                0x000000003ffe98a4                __XT_EXCEPTION_DESCS_END__ = ABSOLUTE (.)
 *(.xt_except_desc_end)
 *(.dynamic)
 *(.gnu.version_d)
                0x000000003ffe98a4                . = ALIGN (0x4)
                0x000000003ffe98a4                _bss_table_start = ABSOLUTE (.)
                0x000000003ffe98a4        0x4 LONG 0x3ffe98b0 _bss_start
                0x000000003ffe98a8        0x4 LONG 0x3fff06b8 _bss_end
                0x000000003ffe98ac                _bss_table_end = ABSOLUTE (.)
                0x000000003ffe98ac                _rodata_end = ABSOLUTE (.)

.bss            0x000000003ffe98b0     0x6e08
                0x000000003ffe98b0                . = ALIGN (0x8)
                0x000000003ffe98b0                _bss_start = ABSOLUTE (.)
 *(.dynsbss)
 *(.sbss)
 *(.sbss.*)
 *(.gnu.linkonce.sb.*)
 *(.scommon)
 *(.sbss2)
 *(.sbss2.*)
 *(.gnu.linkonce.sb2.*)
 *(.dynbss)
 *(.bss)
 .bss           0x000000003ffe98b0      0x1c0 /home/piiiters/esp-open-sdk/sdk/lib/libmain.a(nmi-vector.o)
 .bss           0x000000003ffe9a70       0x41 /home/piiiters/esp-open-sdk/sdk/lib/libmain.a(app_main.o)
                0x000000003ffe9a74                info
                0x000000003ffe9a98                lwip_timer_interval
                0x000000003ffe9a9c                check_timeouts_timer
                0x000000003ffe9ab0                user_init_flag
 *fill*         0x000000003ffe9ab1        0xf 
 .bss           0x000000003ffe9ac0       0x30 /home/piiiters/esp-open-sdk/sdk/lib/libmain.a(ets_timer.o)
                0x000000003ffe9ac0                dbg_timer_flag
                0x000000003ffe9ac4                timer_list
                0x000000003ffe9ac8                debug_timer
                0x000000003ffe9acc                debug_timerfn
 .bss           0x000000003ffe9af0       0x3c /home/piiiters/esp-open-sdk/sdk/lib/libmain.a(mem_manager.o)
 .bss           0x000000003ffe9b2c        0x4 /home/piiiters/esp-open-sdk/sdk/lib/libmain.a(spi_flash.o)
                0x000000003ffe9b2c                flash_read
 .bss           0x000000003ffe9b30      0x242 /home/piiiters/esp-open-sdk/sdk/lib/libmain.a(user_interface.o)
                0x000000003ffe9c27                deep_sleep_flag
                0x000000003ffe9c28                cpu_overclock
                0x000000003ffe9c2c                event_cb
                0x000000003ffe9c30                status_led_output_level
                0x000000003ffe9c34                done_cb
                0x000000003ffe9c38                rst_if
                0x000000003ffe9c54                default_interface
                0x000000003ffe9c55                OpmodChgIsOnGoing
                0x000000003ffe9c58                promiscuous_cb
                0x000000003ffe9c70                event_TaskQueue
 *fill*         0x000000003ffe9d72        0x2 
 .bss           0x000000003ffe9d74        0xc /home/piiiters/esp-open-sdk/sdk/lib/libmain.a(eagle_lwip_if.o)
                0x000000003ffe9d74                hostname
 .bss           0x000000003ffe9d80        0x4 /home/piiiters/esp-open-sdk/sdk/lib/libphy.a(phy.o)
 .bss           0x000000003ffe9d84        0x2 /home/piiiters/esp-open-sdk/sdk/lib/libphy.a(phy_chip_v6_ana.o)
                0x000000003ffe9d84                tout_dis_txpwr_track
                0x000000003ffe9d85                sleep_mode_flag
 *fill*         0x000000003ffe9d86        0x2 
 .bss           0x000000003ffe9d88      0x160 /home/piiiters/esp-open-sdk/sdk/lib/libphy.a(phy_chip_v6.o)
                0x000000003ffe9d88                g_phyFuns
                0x000000003ffe9d8c                rxiq_compute_num
                0x000000003ffe9d90                rx_table_renew_en
                0x000000003ffe9d94                check_result
                0x000000003ffe9d98                chip6_sleep_params
                0x000000003ffe9e2c                chip6_phy_init_ctrl
                0x000000003ffe9ea0                phy_freq_offset
                0x000000003ffe9ea2                do_pwctrl_flag
                0x000000003ffe9ea3                pwctrl_debug
                0x000000003ffe9ea4                txbk_dpdby_flag
                0x000000003ffe9ea6                sw_scan_mode
                0x000000003ffe9ea7                rxmax_ext_level
                0x000000003ffe9ea8                phy_rx_gain_dc_table
                0x000000003ffe9ebc                periodic_cal_dc_num
                0x000000003ffe9ec0                periodic_cal_flag
                0x000000003ffe9ec1                bbpll_cal_flag
                0x000000003ffe9ec2                phy_in_most_power
                0x000000003ffe9ec3                init_rf_no_cal
                0x000000003ffe9ec4                test_print_time
                0x000000003ffe9ec8                phy_rx_gain_dc_flag
                0x000000003ffe9ec9                phy_in_vdd33_offset
                0x000000003ffe9eca                phy_set_most_tpw_disbg
                0x000000003ffe9ecb                phy_set_most_tpw_index
                0x000000003ffe9ecc                adc_rand_noise
                0x000000003ffe9ed0                dpd_bypass_original
                0x000000003ffe9ed8                noise_array
 .bss           0x000000003ffe9ee8        0x8 /home/piiiters/esp-open-sdk/sdk/lib/libphy.a(phy_chip_v6_cal.o)
                0x000000003ffe9ee8                phy_tx_power_out
                0x000000003ffe9eea                loop_pwctrl_pwdet_error_accum_high_power
                0x000000003ffe9eec                tx_pwctrl_pk_num
                0x000000003ffe9eed                tx_pwctrl_track_num
                0x000000003ffe9eee                loop_pwctrl_correct_atten_high_power
                0x000000003ffe9eef                rxiq_cover_fail_num
 .bss           0x000000003ffe9ef0        0x7 /home/piiiters/esp-open-sdk/sdk/lib/libphy.a(phy_sleep.o)
                0x000000003ffe9ef0                periodic_cal_sat
                0x000000003ffe9ef2                lslp_mem_opt_8266
                0x000000003ffe9ef4                software_slp_reject
                0x000000003ffe9ef5                SDIO_slp_reject
                0x000000003ffe9ef6                hardware_reject
 *fill*         0x000000003ffe9ef7        0x9 
 .bss           0x000000003ffe9f00       0x40 /home/piiiters/esp-open-sdk/sdk/lib/libpp.a(if_hwctrl.o)
                0x000000003ffe9f00                interface_mask
                0x000000003ffe9f20                if_ctrl
 .bss           0x000000003ffe9f40      0x150 /home/piiiters/esp-open-sdk/sdk/lib/libpp.a(lmac.o)
                0x000000003ffe9f44                lmacConfMib
                0x000000003ffe9f68                our_tx_eb
 .bss           0x000000003ffea090      0x11a /home/piiiters/esp-open-sdk/sdk/lib/libpp.a(pm.o)
                0x000000003ffea090                pmc
                0x000000003ffea170                flash_tmp
 *fill*         0x000000003ffea1aa        0x2 
 .bss           0x000000003ffea1ac       0x34 /home/piiiters/esp-open-sdk/sdk/lib/libpp.a(pm_for_bcn_only_mode.o)
 .bss           0x000000003ffea1e0      0x322 /home/piiiters/esp-open-sdk/sdk/lib/libpp.a(pp.o)
                0x000000003ffea1f8                pend_flag_noise_check
                0x000000003ffea200                pend_flag_periodic_cal
                0x000000003ffea218                idle_timer_reopen_flag
                0x000000003ffea21a                dbg_stop_sw_wdt
                0x000000003ffea21b                dbg_stop_hw_wdt
                0x000000003ffea21d                total_buffed_eb_num
                0x000000003ffea220                HighestFreqOffsetInOneChk
                0x000000003ffea222                LowestFreqOffsetInOneChk
                0x000000003ffea224                DefFreqCalTimer
                0x000000003ffea238                PktNumInOneChk
                0x000000003ffea3c0                buffed_eb_arr
 *fill*         0x000000003ffea502        0xe 
 .bss           0x000000003ffea510      0x100 /home/piiiters/esp-open-sdk/sdk/lib/libpp.a(rate_control.o)
 .bss           0x000000003ffea610      0x46c /home/piiiters/esp-open-sdk/sdk/lib/libpp.a(trc.o)
 *fill*         0x000000003ffeaa7c        0x4 
 .bss           0x000000003ffeaa80     0x2f88 /home/piiiters/esp-open-sdk/sdk/lib/libpp.a(wdev.o)
                0x000000003ffeaa80                wDevCtrl
                0x000000003ffeac28                WdevTimOffSet
 *fill*         0x000000003ffeda08        0x8 
 .bss           0x000000003ffeda10      0xaa4 /home/piiiters/esp-open-sdk/sdk/lib/libpp.a(esf_buf.o)
 .bss           0x000000003ffee4b4      0x67c /home/piiiters/esp-open-sdk/sdk/lib/libnet80211.a(ieee80211.o)
                0x000000003ffee4b4                g_ic
 .bss           0x000000003ffeeb30       0x56 /home/piiiters/esp-open-sdk/sdk/lib/libnet80211.a(ieee80211_hostap.o)
                0x000000003ffeeb30                BcnEb_update
                0x000000003ffeeb3d                BcnWithMcastSendStart
                0x000000003ffeeb3e                BcnWithMcastSendCnt
                0x000000003ffeeb58                PendFreeBcnEb
                0x000000003ffeeb5c                ApFreqCalTimer
                0x000000003ffeeb70                APRecvBcnStartTick
 *fill*         0x000000003ffeeb86        0x2 
 .bss           0x000000003ffeeb88       0xc8 /home/piiiters/esp-open-sdk/sdk/lib/libnet80211.a(ieee80211_scan.o)
                0x000000003ffeeb88                gScanStruct
                0x000000003ffeec34                connect_scan_flag
                0x000000003ffeec35                FreqCalCntForScan
                0x000000003ffeec36                TestStaFreqCalValInput
                0x000000003ffeec38                auth_type
                0x000000003ffeec3a                scannum
 .bss           0x000000003ffeec50       0x10 /home/piiiters/esp-open-sdk/sdk/lib/libnet80211.a(ieee80211_sta.o)
 .bss           0x000000003ffeec60       0x3c /home/piiiters/esp-open-sdk/sdk/lib/libnet80211.a(wl_chm.o)
 *fill*         0x000000003ffeec9c        0x4 
 .bss           0x000000003ffeeca0      0x37a /home/piiiters/esp-open-sdk/sdk/lib/libnet80211.a(wl_cnx.o)
                0x000000003ffef000                sta_con_timer
                0x000000003ffef014                g_cnx_probe_rc_list_cb
                0x000000003ffef018                reconnect_flag
                0x000000003ffef019                no_ap_found_index
 *fill*         0x000000003ffef01a        0x2 
 .bss           0x000000003ffef01c       0x10 /home/piiiters/esp-open-sdk/sdk/lib/libnet80211.a(ieee80211_action_vendor.o)
 *fill*         0x000000003ffef02c        0x4 
 .bss           0x000000003ffef030       0x38 /home/piiiters/esp-open-sdk/sdk/lib/liblwip.a(dhcp.o)
                0x000000003ffef030                dhcp_rx_options_given
                0x000000003ffef040                dhcp_rx_options_val
 .bss           0x000000003ffef068       0x28 /home/piiiters/esp-open-sdk/sdk/lib/liblwip.a(dhcpserver.o)
 .bss           0x000000003ffef090      0x480 /home/piiiters/esp-open-sdk/sdk/lib/liblwip.a(dns.o)
 .bss           0x000000003ffef510       0x78 /home/piiiters/esp-open-sdk/sdk/lib/liblwip.a(espconn_tcp.o)
                0x000000003ffef510                espconn_TaskQueue
 *fill*         0x000000003ffef588        0x8 
 .bss           0x000000003ffef590      0x100 /home/piiiters/esp-open-sdk/sdk/lib/liblwip.a(etharp.o)
                0x000000003ffef594                ethzero
 .bss           0x000000003ffef690       0x10 /home/piiiters/esp-open-sdk/sdk/lib/liblwip.a(ip_addr.o)
 .bss           0x000000003ffef6a0       0x12 /home/piiiters/esp-open-sdk/sdk/lib/liblwip.a(ip.o)
                0x000000003ffef6a0                current_iphdr_dest
                0x000000003ffef6a4                current_iphdr_src
                0x000000003ffef6a8                current_netif
                0x000000003ffef6ac                current_header
 *fill*         0x000000003ffef6b2        0x2 
 .bss           0x000000003ffef6b4        0x9 /home/piiiters/esp-open-sdk/sdk/lib/liblwip.a(netif.o)
                0x000000003ffef6b4                netif_list
                0x000000003ffef6b8                netif_default
 *fill*         0x000000003ffef6bd        0x3 
 .bss           0x000000003ffef6c0        0x4 /home/piiiters/esp-open-sdk/sdk/lib/liblwip.a(raw.o)
 .bss           0x000000003ffef6c4       0x34 /home/piiiters/esp-open-sdk/sdk/lib/liblwip.a(tcp_in.o)
                0x000000003ffef6f4                tcp_input_pcb
 .bss           0x000000003ffef6f8       0x1c /home/piiiters/esp-open-sdk/sdk/lib/liblwip.a(tcp.o)
                0x000000003ffef6fc                tcp_active_pcbs
                0x000000003ffef700                tcp_tmp_pcb
                0x000000003ffef704                tcp_tw_pcbs
                0x000000003ffef708                tcp_bound_pcbs
                0x000000003ffef70c                tcp_listen_pcbs
                0x000000003ffef710                tcp_ticks
 .bss           0x000000003ffef714        0xc /home/piiiters/esp-open-sdk/sdk/lib/liblwip.a(timers.o)
 .bss           0x000000003ffef720        0x4 /home/piiiters/esp-open-sdk/sdk/lib/liblwip.a(udp.o)
                0x000000003ffef720                udp_pcbs
 *fill*         0x000000003ffef724        0xc 
 .bss           0x000000003ffef730      0x104 /home/piiiters/esp-open-sdk/sdk/lib/liblwip.a(espconn.o)
                0x000000003ffef730                plink_active
                0x000000003ffef734                pserver_list
                0x000000003ffef740                premot
                0x000000003ffef800                pktinfo
 .bss           0x000000003ffef834        0xc /home/piiiters/esp-open-sdk/sdk/lib/liblwip.a(igmp.o)
 .bss           0x000000003ffef840      0x26a /home/piiiters/esp-open-sdk/sdk/lib/libwpa.a(wpa.o)
 *fill*         0x000000003ffefaaa        0x6 
 .bss           0x000000003ffefab0        0x8 /home/piiiters/esp-open-sdk/sdk/lib/libnet80211.a(ieee80211_crypto_tkip.o)
 *(.bss.*)
 .bss._ZL5ESP01
                0x000000003ffefab8       0x30 /home/piiiters/projects/esp8266/sming/Sming/Sming/compiler/lib//libsming.a(user_main.o)
 .bss._ZL11INADDR_NONE
                0x000000003ffefae8        0x8 /home/piiiters/projects/esp8266/sming/Sming/Sming/compiler/lib//libsming.a(user_main.o)
 .bss.System    0x000000003ffefaf0       0x2c /home/piiiters/projects/esp8266/sming/Sming/Sming/compiler/lib//libsming.a(System.o)
                0x000000003ffefaf0                System
 .bss._ZL5ESP01
                0x000000003ffefb1c       0x30 /home/piiiters/projects/esp8266/sming/Sming/Sming/compiler/lib//libsming.a(m_printf.o)
 .bss._ZL11INADDR_NONE
                0x000000003ffefb4c        0x8 /home/piiiters/projects/esp8266/sming/Sming/Sming/compiler/lib//libsming.a(m_printf.o)
 .bss._ZL5ESP01
                0x000000003ffefb54       0x30 /home/piiiters/projects/esp8266/sming/Sming/Sming/compiler/lib//libsming.a(IPAddress.o)
 .bss._ZL11INADDR_NONE
                0x000000003ffefb84        0x8 /home/piiiters/projects/esp8266/sming/Sming/Sming/compiler/lib//libsming.a(IPAddress.o)
 .bss._ZL11INADDR_NONE
                0x000000003ffefb8c        0x8 /home/piiiters/projects/esp8266/sming/Sming/Sming/compiler/lib//libsming.a(Print.o)
 .bss._ZZN6StringixEjE19dummy_writable_char
                0x000000003ffefb94        0x1 /home/piiiters/projects/esp8266/sming/Sming/Sming/compiler/lib//libsming.a(WString.o)
 *fill*         0x000000003ffefb95        0x3 
 .bss._ZL11INADDR_NONE
                0x000000003ffefb98        0x8 /home/piiiters/projects/esp8266/sming/Sming/Sming/compiler/lib//libsming.a(WString.o)
 .bss._delegateFunctionList
                0x000000003ffefba0       0x40 /home/piiiters/projects/esp8266/sming/Sming/Sming/compiler/lib//libsming.a(Interrupts.o)
                0x000000003ffefba0                _delegateFunctionList
 .bss._ZL11INADDR_NONE
                0x000000003ffefbe0        0x8 /home/piiiters/projects/esp8266/sming/Sming/Sming/compiler/lib//libsming.a(Interrupts.o)
 .bss._ZL11INADDR_NONE
                0x000000003ffefbe8        0x8 /home/piiiters/projects/esp8266/sming/Sming/Sming/compiler/lib//libsming.a(Digital.o)
 .bss.ifttt     0x000000003ffefbf0       0x7c out/build/app_app.a(application.o)
                0x000000003ffefbf0                ifttt
 .bss.bt_status
                0x000000003ffefc6c        0x1 out/build/app_app.a(application.o)
                0x000000003ffefc6c                bt_status
 *fill*         0x000000003ffefc6d        0x3 
 .bss.procTimer
                0x000000003ffefc70       0x30 out/build/app_app.a(application.o)
                0x000000003ffefc70                procTimer
 .bss._ZL5ESP01
                0x000000003ffefca0       0x30 out/build/app_app.a(application.o)
 .bss._ZL11INADDR_NONE
                0x000000003ffefcd0        0x8 out/build/app_app.a(application.o)
 .bss.spiffs_cache
                0x000000003ffefcd8      0x480 /home/piiiters/projects/esp8266/sming/Sming/Sming/compiler/lib//libsming.a(spiffs_sming.o)
 .bss.spiffs_fds
                0x000000003fff0158       0xe0 /home/piiiters/projects/esp8266/sming/Sming/Sming/compiler/lib//libsming.a(spiffs_sming.o)
 .bss.spiffs_work_buf
                0x000000003fff0238      0x200 /home/piiiters/projects/esp8266/sming/Sming/Sming/compiler/lib//libsming.a(spiffs_sming.o)
 .bss.Serial    0x000000003fff0438       0x18 /home/piiiters/projects/esp8266/sming/Sming/Sming/compiler/lib//libsming.a(HardwareSerial.o)
                0x000000003fff0438                Serial
 .bss._ZN14HardwareSerial10memberDataE
                0x000000003fff0450       0x18 /home/piiiters/projects/esp8266/sming/Sming/Sming/compiler/lib//libsming.a(HardwareSerial.o)
                0x000000003fff0450                _ZN14HardwareSerial10memberDataE
 .bss._ZL11INADDR_NONE
                0x000000003fff0468        0x8 /home/piiiters/projects/esp8266/sming/Sming/Sming/compiler/lib//libsming.a(HardwareSerial.o)
 .bss._ZL5ESP01
                0x000000003fff0470       0x30 /home/piiiters/projects/esp8266/sming/Sming/Sming/compiler/lib//libsming.a(HttpClient.o)
 .bss._ZL11INADDR_NONE
                0x000000003fff04a0        0x8 /home/piiiters/projects/esp8266/sming/Sming/Sming/compiler/lib//libsming.a(HttpClient.o)
 .bss._ZL11INADDR_NONE
                0x000000003fff04a8        0x8 /home/piiiters/projects/esp8266/sming/Sming/Sming/compiler/lib//libsming.a(TcpClient.o)
 .bss._ZL11INADDR_NONE
                0x000000003fff04b0        0x8 /home/piiiters/projects/esp8266/sming/Sming/Sming/compiler/lib//libsming.a(TcpConnection.o)
 .bss.WifiAccessPoint
                0x000000003fff04b8        0x8 /home/piiiters/projects/esp8266/sming/Sming/Sming/compiler/lib//libsming.a(AccessPoint.o)
                0x000000003fff04b8                WifiAccessPoint
 .bss._ZL5ESP01
                0x000000003fff04c0       0x30 /home/piiiters/projects/esp8266/sming/Sming/Sming/compiler/lib//libsming.a(AccessPoint.o)
 .bss._ZL11INADDR_NONE
                0x000000003fff04f0        0x8 /home/piiiters/projects/esp8266/sming/Sming/Sming/compiler/lib//libsming.a(AccessPoint.o)
 .bss.WifiStation
                0x000000003fff04f8       0x24 /home/piiiters/projects/esp8266/sming/Sming/Sming/compiler/lib//libsming.a(Station.o)
                0x000000003fff04f8                WifiStation
 .bss._ZL5ESP01
                0x000000003fff051c       0x30 /home/piiiters/projects/esp8266/sming/Sming/Sming/compiler/lib//libsming.a(Station.o)
 .bss._ZL11INADDR_NONE
                0x000000003fff054c        0x8 /home/piiiters/projects/esp8266/sming/Sming/Sming/compiler/lib//libsming.a(Station.o)
 .bss.WDT       0x000000003fff0554        0x8 /home/piiiters/projects/esp8266/sming/Sming/Sming/compiler/lib//libsming.a(WDT.o)
                0x000000003fff0554                WDT
 .bss._ZL11INADDR_NONE
                0x000000003fff055c        0x8 /home/piiiters/projects/esp8266/sming/Sming/Sming/compiler/lib//libsming.a(CommandExecutor.o)
 .bss.commandHandler
                0x000000003fff0564       0x1c /home/piiiters/projects/esp8266/sming/Sming/Sming/compiler/lib//libsming.a(CommandHandler.o)
                0x000000003fff0564                commandHandler
 .bss._ZL11INADDR_NONE
                0x000000003fff0580        0x8 /home/piiiters/projects/esp8266/sming/Sming/Sming/compiler/lib//libsming.a(CommandHandler.o)
 .bss._ZL11INADDR_NONE
                0x000000003fff0588        0x8 /home/piiiters/projects/esp8266/sming/Sming/Sming/compiler/lib//libsming.a(CommandOutput.o)
 .bss._ZL5ESP01
                0x000000003fff0590       0x30 /home/piiiters/projects/esp8266/sming/Sming/Sming/compiler/lib//libsming.a(DateTime.o)
 .bss._ZL11INADDR_NONE
                0x000000003fff05c0        0x8 /home/piiiters/projects/esp8266/sming/Sming/Sming/compiler/lib//libsming.a(DateTime.o)
 .bss._ZL11INADDR_NONE
                0x000000003fff05c8        0x8 /home/piiiters/projects/esp8266/sming/Sming/Sming/compiler/lib//libsming.a(Clock.o)
 .bss._ZL11INADDR_NONE
                0x000000003fff05d0        0x8 /home/piiiters/projects/esp8266/sming/Sming/Sming/compiler/lib//libsming.a(DataSourceStream.o)
 .bss.SystemClock
                0x000000003fff05d8       0x18 /home/piiiters/projects/esp8266/sming/Sming/Sming/compiler/lib//libsming.a(SystemClock.o)
                0x000000003fff05d8                SystemClock
 .bss._ZL11INADDR_NONE
                0x000000003fff05f0        0x8 /home/piiiters/projects/esp8266/sming/Sming/Sming/compiler/lib//libsming.a(SystemClock.o)
 .bss._ZL11INADDR_NONE
                0x000000003fff05f8        0x8 /home/piiiters/projects/esp8266/sming/Sming/Sming/compiler/lib//libsming.a(WebSocket.o)
 .bss.RTC       0x000000003fff0600        0x1 /home/piiiters/projects/esp8266/sming/Sming/Sming/compiler/lib//libsming.a(RTC.o)
                0x000000003fff0600                RTC
 *fill*         0x000000003fff0601        0x3 
 .bss._ZN11ArduinoJson10JsonObject8_invalidE
                0x000000003fff0604        0x8 /home/piiiters/projects/esp8266/sming/Sming/Sming/compiler/lib//libsming.a(ArduinoJson.o)
                0x000000003fff0604                _ZN11ArduinoJson10JsonObject8_invalidE
 .bss._ZN11ArduinoJson9JsonArray8_invalidE
                0x000000003fff060c        0x8 /home/piiiters/projects/esp8266/sming/Sming/Sming/compiler/lib//libsming.a(ArduinoJson.o)
                0x000000003fff060c                _ZN11ArduinoJson9JsonArray8_invalidE
 .bss._ZL11INADDR_NONE
                0x000000003fff0614        0x8 /home/piiiters/projects/esp8266/sming/Sming/Sming/compiler/lib//libsming.a(CommandDelegate.o)
 .bss._ZL11INADDR_NONE
                0x000000003fff061c        0x8 /home/piiiters/projects/esp8266/sming/Sming/Sming/compiler/lib//libsming.a(HttpRequest.o)
 .bss._ZL11INADDR_NONE
                0x000000003fff0624        0x8 /home/piiiters/projects/esp8266/sming/Sming/Sming/compiler/lib//libsming.a(HttpResponse.o)
 .bss._ZL11INADDR_NONE
                0x000000003fff062c        0x8 /home/piiiters/projects/esp8266/sming/Sming/Sming/compiler/lib//libsming.a(HttpServer.o)
 .bss._ZL11INADDR_NONE
                0x000000003fff0634        0x8 /home/piiiters/projects/esp8266/sming/Sming/Sming/compiler/lib//libsming.a(TcpServer.o)
 .bss._ZL11INADDR_NONE
                0x000000003fff063c        0x8 /home/piiiters/projects/esp8266/sming/Sming/Sming/compiler/lib//libsming.a(HttpServerConnection.o)
 *(.gnu.linkonce.b.*)
 *(COMMON)
 COMMON         0x000000003fff0644       0x70 /home/piiiters/projects/esp8266/sming/Sming/Sming/compiler/lib//libsming.a(spiffs_sming.o)
                0x000000003fff0644                _filesystemStorageHandle
                0x000000003fff06b8                . = ALIGN (0x8)
 *fill*         0x000000003fff06b4        0x4 
                0x000000003fff06b8                _bss_end = ABSOLUTE (.)
                0x000000003fff06b8                _heap_start = ABSOLUTE (.)

.irom0.text     0x0000000040209000    0x36f7e
                0x0000000040209000                _irom0_text_start = ABSOLUTE (.)
 *(.irom0.literal .irom.literal .irom.text.literal .irom0.text .irom.text)
 .irom0.text    0x0000000040209000      0xa1d /home/piiiters/esp-open-sdk/sdk/lib/libmain.a(app_main.o)
                                        0xc31 (size before relaxing)
                0x00000000402091e8                wdt_init
                0x0000000040209290                user_uart_wait_tx_fifo_empty
                0x0000000040209544                user_rf_pre_init
 *fill*         0x0000000040209a1d        0x3 
 .irom0.text    0x0000000040209a20      0x186 /home/piiiters/esp-open-sdk/sdk/lib/libmain.a(ets_timer.o)
                                        0x1b2 (size before relaxing)
                0x0000000040209a28                ets_timer_done
                0x0000000040209a74                ets_timer_handler_isr
                0x0000000040209b44                ets_timer_init
 *fill*         0x0000000040209ba6        0x2 
 .irom0.text    0x0000000040209ba8       0xec /home/piiiters/esp-open-sdk/sdk/lib/libmain.a(mem_manager.o)
                                         0xf8 (size before relaxing)
                0x0000000040209ba8                check_memleak_debug_enable
                0x0000000040209c14                xPortGetFreeHeapSize
                0x0000000040209c1c                vPortInitialiseBlocks
 .irom0.text    0x0000000040209c94     0x3459 /home/piiiters/esp-open-sdk/sdk/lib/libmain.a(user_interface.o)
                                       0x3e71 (size before relaxing)
                0x0000000040209c98                system_set_os_print
                0x0000000040209ca8                system_get_os_print
                0x0000000040209e70                system_pp_recycle_rx_pkt
                0x0000000040209e84                system_adc_read
                0x0000000040209e9c                system_get_vdd33
                0x0000000040209eb4                system_restart_hook
                0x0000000040209ecc                system_restart_local
                0x0000000040209fac                system_restart
                0x000000004020a008                system_restore
                0x000000004020a070                system_get_flash_size_map
                0x000000004020a090                system_get_boot_version
                0x000000004020a0c8                system_get_test_result
                0x000000004020a0f0                system_get_userbin_addr
                0x000000004020a188                system_get_boot_mode
                0x000000004020a1b8                system_restart_enhance
                0x000000004020a2e8                system_upgrade_userbin_set
                0x000000004020a334                system_upgrade_userbin_check
                0x000000004020a374                system_upgrade_flag_set
                0x000000004020a388                system_upgrade_flag_check
                0x000000004020a3b0                system_upgrade_reboot
                0x000000004020a4e4                system_deep_sleep_instant
                0x000000004020a67c                system_deep_sleep
                0x000000004020a6dc                system_deep_sleep_set_option
                0x000000004020a6f8                system_phy_temperature_alert
                0x000000004020a70c                system_phy_set_max_tpw
                0x000000004020a720                system_phy_set_tpw_via_vdd33
                0x000000004020a734                system_phy_set_rfoption
                0x000000004020a748                system_phy_set_powerup_option
                0x000000004020a760                system_update_cpu_freq
                0x000000004020a7bc                system_get_cpu_freq
                0x000000004020a7d4                system_overclock
                0x000000004020a800                system_restoreclock
                0x000000004020a830                system_timer_reinit
                0x000000004020a848                system_relative_time
                0x000000004020a86c                system_station_got_ip_set
                0x000000004020a998                system_print_meminfo
                0x000000004020a9f8                system_get_free_heap_size
                0x000000004020aa10                system_get_chip_id
                0x000000004020aa34                system_rtc_clock_cali_proc
                0x000000004020aa48                system_get_rtc_time
                0x000000004020aa5c                system_mktime
                0x000000004020ab2c                system_init_done_cb
                0x000000004020ab34                system_get_rst_info
                0x000000004020ab3c                system_get_data_of_array_8
                0x000000004020ab60                system_get_data_of_array_16
                0x000000004020ab88                system_get_string_from_flash
                0x000000004020abf4                wifi_softap_dhcps_start
                0x000000004020ac3c                wifi_softap_dhcps_stop
                0x000000004020ac7c                wifi_softap_dhcps_status
                0x000000004020ac84                wifi_station_dhcpc_start
                0x000000004020acdc                wifi_station_dhcpc_stop
                0x000000004020ad1c                wifi_station_dhcpc_event
                0x000000004020ad90                wifi_station_dhcpc_set_maxtry
                0x000000004020ada0                wifi_station_dhcpc_status
                0x000000004020ae18                wifi_get_opmode
                0x000000004020ae2c                wifi_get_opmode_default
                0x000000004020aea8                wifi_get_broadcast_if
                0x000000004020aee4                wifi_set_broadcast_if
                0x000000004020b044                wifi_set_opmode
                0x000000004020b058                wifi_set_opmode_current
                0x000000004020b06c                system_get_checksum
                0x000000004020b0b4                wifi_param_save_protect_with_check
                0x000000004020b170                system_param_save_with_protect
                0x000000004020b218                system_save_sys_param
                0x000000004020b244                system_param_load
                0x000000004020b37c                wifi_station_get_config
                0x000000004020b390                wifi_station_get_config_default
                0x000000004020b3b0                wifi_station_get_ap_info
                0x000000004020b468                wifi_station_ap_number_set
                0x000000004020b7cc                wifi_station_set_config
                0x000000004020b7e4                wifi_station_set_config_current
                0x000000004020b7fc                wifi_station_restore_config
                0x000000004020b814                wifi_station_get_current_ap_id
                0x000000004020b828                wifi_station_ap_check
                0x000000004020b870                wifi_station_ap_change
                0x000000004020b99c                wifi_station_scan
                0x000000004020b9e8                wifi_station_get_auto_connect
                0x000000004020b9fc                wifi_station_set_auto_connect
                0x000000004020ba4c                wifi_station_save_pmk2cache
                0x000000004020bb00                wifi_station_connect
                0x000000004020bb94                wifi_station_disconnect
                0x000000004020bc54                wifi_station_get_connect_status
                0x000000004020bc84                wifi_station_set_reconnect_policy
                0x000000004020bc9c                wifi_station_get_reconnect_policy
                0x000000004020bca4                wifi_station_get_rssi
                0x000000004020bcf4                wifi_station_set_default_hostname
                0x000000004020bd5c                wifi_station_get_hostname
                0x000000004020bd8c                wifi_station_set_hostname
                0x000000004020be2c                wifi_softap_cacl_mac
                0x000000004020be9c                wifi_softap_set_default_ssid
                0x000000004020c07c                wifi_softap_get_config
                0x000000004020c090                wifi_softap_get_config_default
                0x000000004020c3e4                wifi_softap_set_config
                0x000000004020c3f8                wifi_softap_set_config_current
                0x000000004020c40c                wifi_softap_set_station_info
                0x000000004020c478                wifi_softap_get_station_info
                0x000000004020c528                wifi_softap_free_station_info
                0x000000004020c570                wifi_softap_get_station_num
                0x000000004020c5c4                wifi_softap_deauth
                0x000000004020c674                wifi_softap_get_beacon_only_mode
                0x000000004020c688                wifi_softap_set_beacon_only_mode
                0x000000004020c6ec                wifi_register_user_ie_manufacturer_recv_cb
                0x000000004020c700                wifi_unregister_user_ie_manufacturer_recv_cb
                0x000000004020c734                wifi_set_user_ie
                0x000000004020c844                wifi_get_user_ie
                0x000000004020c878                wifi_get_phy_mode
                0x000000004020c880                wifi_set_phy_mode
                0x000000004020c948                wifi_set_sleep_type
                0x000000004020c964                wifi_get_sleep_type
                0x000000004020c97c                wifi_get_channel
                0x000000004020c994                wifi_set_channel
                0x000000004020c9d8                wifi_promiscuous_set_mac
                0x000000004020ca38                wifi_promiscuous_enable
                0x000000004020cb1c                wifi_set_promiscuous_rx_cb
                0x000000004020cb2c                wifi_get_ip_info
                0x000000004020cbac                wifi_set_ip_info
                0x000000004020cc20                wifi_get_macaddr
                0x000000004020cc80                wifi_set_macaddr
                0x000000004020cd9c                wifi_enable_6m_rate
                0x000000004020cda4                wifi_get_user_fixed_rate
                0x000000004020cdc4                wifi_set_user_fixed_rate
                0x000000004020cde4                wifi_set_user_sup_rate
                0x000000004020ce20                wifi_set_user_rate_limit
                0x000000004020ce44                wifi_get_user_limit_rate_mask
                0x000000004020ce4c                wifi_set_user_limit_rate_mask
                0x000000004020ce64                wifi_register_send_pkt_freedom_cb
                0x000000004020ce78                wifi_unregister_send_pkt_freedom_cb
                0x000000004020ce84                wifi_send_pkt_freedom
                0x000000004020ced0                wifi_rfid_locp_recv_open
                0x000000004020cee4                wifi_rfid_locp_recv_close
                0x000000004020cef8                wifi_register_rfid_locp_recv_cb
                0x000000004020cf0c                wifi_unregister_rfid_locp_recv_cb
                0x000000004020cf24                wifi_status_led_install
                0x000000004020cf58                wifi_status_led_uninstall
                0x000000004020cf7c                wifi_set_status_led_output_level
                0x000000004020cfd0                wifi_set_event_handler_cb
                0x000000004020d018                system_os_task
                0x000000004020d054                system_uart_swap
                0x000000004020d0b4                system_uart_de_swap
                0x000000004020d0e8                system_get_sdk_version
 *fill*         0x000000004020d0ed        0x3 
 .irom0.text    0x000000004020d0f0      0x610 /home/piiiters/esp-open-sdk/sdk/lib/libmain.a(eagle_lib.o)
                                        0x620 (size before relaxing)
                0x000000004020d0f4                divide
                0x000000004020d130                skip_atoi
                0x000000004020d2b0                ets_vsnprintf
                0x000000004020d610                ets_vsprintf
                0x000000004020d634                ets_sprintf
                0x000000004020d65c                ets_strcat
                0x000000004020d67c                ets_strrchr
                0x000000004020d6a8                ets_strchr
                0x000000004020d6c0                bit_popcount
                0x000000004020d6dc                ets_snprintf
 .irom0.text    0x000000004020d700      0x2f6 /home/piiiters/esp-open-sdk/sdk/lib/libmain.a(eagle_lwip_if.o)
                                        0x3b2 (size before relaxing)
                0x000000004020d7b8                eagle_lwip_if_alloc
                0x000000004020d968                eagle_lwip_if_free
                0x000000004020d9d4                eagle_lwip_getif
 *fill*         0x000000004020d9f6        0x2 
 .irom0.literal
                0x000000004020d9f8        0x0 /home/piiiters/projects/esp8266/sming/Sming/Sming/compiler/lib//libmicroc.a(strchr.o)
                                          0x4 (size before relaxing)
 .irom0.literal
                0x000000004020d9f8        0xc /home/piiiters/projects/esp8266/sming/Sming/Sming/compiler/lib//libmicroc.a(strchrnul.o)
 .irom0.literal
                0x000000004020da04        0x4 /home/piiiters/projects/esp8266/sming/Sming/Sming/compiler/lib//libmicroc.a(malloc.o)
                                         0x14 (size before relaxing)
 .irom0.literal
                0x000000004020da08        0x4 /home/piiiters/projects/esp8266/sming/Sming/Sming/compiler/lib//libmicroc.a(abort.o)
                                          0x8 (size before relaxing)
 .irom0.literal
                0x000000004020da0c        0x8 /home/piiiters/projects/esp8266/sming/Sming/Sming/compiler/lib//libmicrogcc.a(_divsf3.o)
                                         0x10 (size before relaxing)
 .irom0.text    0x000000004020da14       0x25 /home/piiiters/projects/esp8266/sming/Sming/Sming/compiler/lib//libmicroc.a(strchr.o)
                                         0x29 (size before relaxing)
                0x000000004020da14                strchr
 *fill*         0x000000004020da39        0x3 
 .irom0.text    0x000000004020da3c       0x75 /home/piiiters/projects/esp8266/sming/Sming/Sming/compiler/lib//libmicroc.a(strchrnul.o)
                0x000000004020da3c                __strchrnul
                0x000000004020da3c                strchrnul
 *fill*         0x000000004020dab1        0x3 
 .irom0.text    0x000000004020dab4       0x65 /home/piiiters/projects/esp8266/sming/Sming/Sming/compiler/lib//libmicroc.a(malloc.o)
                0x000000004020dab4                malloc
                0x000000004020dac8                free
                0x000000004020dadc                realloc
                0x000000004020daf0                zalloc
                0x000000004020db04                calloc
 *fill*         0x000000004020db19        0x3 
 .irom0.text    0x000000004020db1c       0x11 /home/piiiters/projects/esp8266/sming/Sming/Sming/compiler/lib//libmicroc.a(abort.o)
                0x000000004020db1c                abort
 *fill*         0x000000004020db2d        0x3 
 .irom0.text    0x000000004020db30       0xfa /home/piiiters/esp-open-sdk/sdk/lib/libphy.a(phy.o)
                                        0x11e (size before relaxing)
                0x000000004020db34                rf_init
                0x000000004020db50                bb_init
                0x000000004020db68                phy_init
                0x000000004020db98                RFChannelSel
                0x000000004020dbb4                phy_delete_channel
                0x000000004020dbcc                phy_enable_agc
                0x000000004020dbe4                phy_disable_agc
                0x000000004020dbfc                phy_initialize_bb
                0x000000004020dc14                phy_set_sense
 *fill*         0x000000004020dc2a        0x2 
 .irom0.text    0x000000004020dc2c     0x16f3 /home/piiiters/esp-open-sdk/sdk/lib/libphy.a(phy_chip_v6_ana.o)
                                       0x18e3 (size before relaxing)
                0x000000004020dc30                ram_pbus_set_rxgain
                0x000000004020dd08                ram_pbus_debugmode
                0x000000004020ddbc                ram_pbus_xpd_tx_on
                0x000000004020de28                set_rf_freq_offset
                0x000000004020de9c                chip_v6_rxmax_ext_ana
                0x000000004020dff0                ram_chip_v6_rx_init
                0x000000004020e024                tsen_meas
                0x000000004020e0d4                readvdd33
                0x000000004020e2a0                txpwr_offset
                0x000000004020e35c                set_txcap_reg
                0x000000004020e3dc                ram_ana_inf_gating_en
                0x000000004020e53c                ram_restart_cal
                0x000000004020e5a8                wait_rfpll_cal_end
                0x000000004020e63c                ram_rfpll_set_freq
                0x000000004020e744                ram_set_channel_freq
                0x000000004020ea44                chip_60_set_channel
                0x000000004020ebd4                chip_v6_set_chan_offset
                0x000000004020ec10                chip_v6_set_chan
                0x000000004020eca4                chip_v6_set_chan_wakeup
                0x000000004020ed28                chip_v6_rf_init
                0x000000004020ef4c                low_power_set
                0x000000004020efa0                test_tout
                0x000000004020f118                check_data_flag
                0x000000004020f138                phy_get_check_flag
                0x000000004020f26c                phy_get_vdd33
 *fill*         0x000000004020f31f        0x1 
 .irom0.text    0x000000004020f320     0x3c2f /home/piiiters/esp-open-sdk/sdk/lib/libphy.a(phy_chip_v6.o)
                                       0x4293 (size before relaxing)
                0x000000004020f320                ram_tx_mac_enable
                0x000000004020f324                ram_tx_mac_disable
                0x000000004020f328                rtc_mem_backup
                0x000000004020f358                rtc_mem_recovery
                0x000000004020f388                set_cal_rxdc
                0x000000004020f43c                set_rx_gain_cal_iq
                0x000000004020f798                gen_rx_gain_table
                0x000000004020f8f0                pbus_set_rxbbgain
                0x000000004020f970                set_rx_gain_testchip_50
                0x000000004020fca4                ram_get_corr_power
                0x000000004020fd94                check_data_func
                0x000000004020fdb4                do_noisefloor_lsleep_v50
                0x000000004020fde8                do_noisefloor
                0x000000004020fe58                start_dig_rx
                0x000000004020fe9c                stop_dig_rx
                0x000000004020fec8                chip_v6_set_chanfreq
                0x000000004020fef4                tx_cap_init
                0x00000000402100a8                target_power_add_backoff
                0x00000000402100f8                tx_pwctrl_init_cal
                0x0000000040210260                tx_atten_set_interp
                0x00000000402104d0                tx_pwctrl_init
                0x00000000402105c4                ram_get_noisefloor
                0x00000000402105e0                get_noisefloor_sat
                0x0000000040210610                ram_set_noise_floor
                0x000000004021066c                ram_start_noisefloor
                0x00000000402106b8                read_hw_noisefloor
                0x00000000402106e4                noise_check_loop
                0x0000000040210840                noise_init
                0x0000000040210a40                target_power_backoff
                0x0000000040210a94                sdt_on_noise_start
                0x0000000040210b14                chip_v6_set_chan_rx_cmp
                0x0000000040210ca0                chip_v6_set_chan_misc
                0x0000000040210d34                phy_dig_spur_set
                0x000000004021108c                phy_dig_spur_prot
                0x00000000402112c4                chip_v6_rxmax_ext_dig
                0x0000000040211310                chip_v6_rxmax_ext
                0x00000000402113c4                phy_bb_rx_cfg
                0x00000000402117cc                uart_wait_idle
                0x0000000040211804                phy_pbus_soc_cfg
                0x00000000402118c4                phy_gpio_cfg
                0x0000000040211c0c                tx_cont_en
                0x0000000040211cb0                tx_cont_dis
                0x0000000040211d04                tx_cont_cfg
                0x0000000040211d24                chip_v6_initialize_bb
                0x0000000040211e8c                periodic_cal
                0x0000000040211f6c                bbpll_cal
                0x0000000040212004                periodic_cal_top
                0x0000000040212064                register_chipv6_phy_init_param
                0x0000000040212308                change_bbpll160_sleep
                0x0000000040212434                change_bbpll160
                0x000000004021246c                set_crystal_uart
                0x0000000040212504                ant_switch_init
                0x00000000402125b0                reduce_current_init
                0x0000000040212618                rtc_mem_check
                0x0000000040212654                phy_afterwake_set_rfoption
                0x0000000040212674                deep_sleep_set_option
                0x00000000402126a0                write_data_to_rtc
                0x00000000402126d8                get_data_from_rtc
                0x0000000040212760                register_chipv6_phy
                0x0000000040212b70                set_dpd_bypass
                0x0000000040212b98                set_rf_gain_stage10
                0x0000000040212bc8                get_vdd33_offset
                0x0000000040212c3c                get_phy_target_power
                0x0000000040212cf0                set_most_pwr_reg
                0x0000000040212dc4                phy_set_most_tpw
                0x0000000040212de4                phy_vdd33_set_tpw
                0x0000000040212dfc                get_adc_rand
                0x0000000040212e30                phy_get_rand
                0x0000000040212e48                phy_tx_pwctrl_cali
                0x0000000040212e70                phy_check_data_table
                0x0000000040212eac                phy_after_init_enrx
                0x0000000040212f10                phy_set_rx11b_reg
                0x0000000040212f44                phy_set_powerup_option
 *fill*         0x0000000040212f4f        0x1 
 .irom0.text    0x0000000040212f50     0x21ac /home/piiiters/esp-open-sdk/sdk/lib/libphy.a(phy_chip_v6_cal.o)
                                       0x23ec (size before relaxing)
                0x0000000040212f50                txbbgain2dcoindex
                0x0000000040212f70                dcoindex2txbbgain
                0x0000000040212f94                init_cal_dcoffset
                0x0000000040213058                set_rfanagain_dc_reg
                0x00000000402130f4                set_txdc_pbus
                0x0000000040213160                get_rf_gain_qdb
                0x0000000040213188                correct_rf_ana_gain
                0x0000000040213290                get_sar_dout
                0x0000000040213328                cal_rf_ana_gain
                0x0000000040213400                meas_tone_pwr_db
                0x0000000040213470                tx_pwr_backoff
                0x00000000402135bc                get_fcc_1m2m_pwr_offset
                0x00000000402135f8                ram_set_txbb_atten
                0x000000004021368c                txiq_get_mis_pwr
                0x0000000040213730                txiq_cover
                0x000000004021394c                ram_rfcal_txiq
                0x0000000040213bbc                rc_cal
                0x0000000040213d7c                get_target_power_offset
                0x0000000040213e84                get_pwctrl_correct
                0x0000000040213ee0                tx_pwctrl_cal
                0x0000000040214270                tx_pwctrl_bg_init
                0x00000000402142e8                tx_pwctrl_background
                0x00000000402143c0                read_sar_dout
                0x0000000040214424                ram_get_fm_sar_dout
                0x00000000402144c8                ram_cal_tos_v60
                0x00000000402146a8                ram_get_bb_atten
                0x00000000402146d8                ram_rfcal_txcap
                0x000000004021489c                ram_rfcal_pwrctrl
                0x0000000040214ab8                ram_rxiq_get_mis
                0x0000000040214c88                ram_rxiq_cover_mg_mp
                0x0000000040214e2c                ram_rfcal_rxiq
                0x0000000040215038                dpd_scale_set
                0x0000000040215080                dpd_mem_write
 .irom0.text    0x00000000402150fc      0xd82 /home/piiiters/esp-open-sdk/sdk/lib/libphy.a(phy_sleep.o)
                                        0xfaa (size before relaxing)
                0x00000000402150fc                pm_usec2rtc
                0x0000000040215130                pm_rtc2usec
                0x0000000040215140                pm_set_sleep_cycles
                0x0000000040215168                pm_sleep_opt
                0x0000000040215280                pm_wakeup_opt
                0x00000000402152b8                get_chip_version
                0x00000000402152f8                pm_sleep_opt_bb_off
                0x0000000040215338                pm_sleep_opt_bb_on
                0x0000000040215384                pm_set_pll_xtal_wait_time
                0x00000000402153cc                pm_prepare_to_sleep
                0x00000000402153f0                pm_sdio_nidle
                0x0000000040215464                chg_lslp_mem_opt_8266
                0x0000000040215494                pm_goto_sleep
                0x00000000402155e0                pm_wait4wakeup
                0x000000004021561c                pm_open_rf
                0x0000000040215660                pm_sleep_set_mac
                0x00000000402156e4                pm_set_wakeup_mac
                0x0000000040215780                pm_check_mac_idle
                0x00000000402157d8                pm_set_sleep_btco
                0x0000000040215878                pm_set_wakeup_btco
                0x0000000040215990                pm_set_sleep_mode
                0x0000000040215aac                pm_unmask_bt
                0x0000000040215b14                pm_wakeup_init
                0x0000000040215d24                sleep_opt_8266
                0x0000000040215d44                sleep_opt_bb_on_8266
                0x0000000040215d7c                sleep_reset_analog_rtcreg_8266
 *fill*         0x0000000040215e7e        0x2 
 .irom0.text    0x0000000040215e80      0x469 /home/piiiters/esp-open-sdk/sdk/lib/libpp.a(if_hwctrl.o)
                                        0x581 (size before relaxing)
                0x0000000040215ea0                ic_get_addr
                0x0000000040215eac                ic_set_opmode
                0x0000000040215ec0                ic_enable_interface
                0x0000000040215f10                ic_interface_enabled
                0x0000000040215f24                ic_disable_interface
                0x0000000040215f6c                ic_is_pure_sta
                0x0000000040215f88                ic_get_ptk_alg
                0x0000000040215f98                ic_get_gtk_alg
                0x0000000040215fa8                ic_set_ptk_alg
                0x0000000040215fb8                ic_set_gtk_alg
                0x0000000040215fc8                ic_interface_is_p2p
                0x0000000040216060                ic_set_vif
                0x0000000040216120                ic_set_sta
                0x00000000402161f8                ic_bss_info_update
                0x0000000040216254                ic_set_key
                0x00000000402162b0                ic_remove_key
                0x00000000402162c4                ic_get_rssi
 *fill*         0x00000000402162e9        0x3 
 .irom0.text    0x00000000402162ec      0x100 /home/piiiters/esp-open-sdk/sdk/lib/libpp.a(lmac.o)
                                        0x118 (size before relaxing)
                0x00000000402162f0                lmacInitAc
                0x0000000040216324                lmacInit
                0x00000000402163d0                lmacSetRetryLimit
 .irom0.text    0x00000000402163ec     0x1851 /home/piiiters/esp-open-sdk/sdk/lib/libpp.a(pm.o)
                                       0x1d31 (size before relaxing)
                0x00000000402163f4                pm_rtc_clock_cali_proc
                0x000000004021642c                pm_get_ck170_period
                0x0000000040216450                pm_set_sleep_time
                0x00000000402167b0                pm_rf_is_closed
                0x00000000402167e0                pm_set_sleep_type_from_upper
                0x00000000402168d0                pm_get_sleep_type
                0x0000000040216a54                uart_tx_flush
                0x0000000040216a58                pm_suspend
                0x0000000040216c78                pm_shutdown
                0x0000000040216d40                pm_reset_idle_sleep
                0x0000000040216d80                pm_idle_sleep
                0x0000000040216d8c                pm_open
                0x0000000040216e54                pm_onBcnRx
                0x00000000402171bc                StopLightSleepSetFunc
                0x00000000402171c4                LightSleepWakedCbSetFunc
                0x00000000402176c4                pm_enable_gpio_wakeup
                0x00000000402176fc                pm_attach
                0x00000000402177ec                pm_send_nullfunc
                0x0000000040217974                pm_is_waked
                0x000000004021798c                pm_is_open
                0x00000000402179a4                pm_scan_lock
                0x00000000402179cc                pm_try_scan_unlock
                0x00000000402179e4                pm_force_scan_unlock
                0x0000000040217a60                pm_scan_unlocked
                0x0000000040217a74                pm_allow_tx
                0x0000000040217a90                pm_assoc_parse
                0x0000000040217aa8                pm_set_addr
                0x0000000040217ac8                pm_sleep_for
                0x0000000040217af8                pm_post
                0x0000000040217bfc                pm_get_idle_wait_time
 *fill*         0x0000000040217c3d        0x3 
 .irom0.text    0x0000000040217c40      0xa91 /home/piiiters/esp-open-sdk/sdk/lib/libpp.a(pm_for_bcn_only_mode.o)
                                        0xe19 (size before relaxing)
                0x0000000040217c54                wifi_fpm_set_sleep_type
                0x0000000040217c54                fpm_set_type_from_upper
                0x0000000040217d10                wifi_fpm_get_sleep_type
                0x0000000040217d10                fpm_get_slp_type
                0x0000000040217d18                fpm_rf_is_closed
                0x0000000040217d2c                fpm_is_open
                0x0000000040217d38                fpm_allow_tx
                0x0000000040217d5c                wifi_fpm_close
                0x0000000040217d5c                fpm_close
                0x0000000040217dd8                wifi_fpm_open
                0x0000000040217dd8                fpm_open
                0x0000000040217e40                fpm_attach
                0x0000000040218024                wifi_fpm_set_wakeup_cb
                0x0000000040218024                fpm_set_wakeup_cb
                0x0000000040218194                wifi_fpm_do_wakeup
                0x0000000040218194                fpm_do_wakeup
                0x0000000040218658                fpm_do_sleep
                0x0000000040218658                wifi_fpm_do_sleep
 *fill*         0x00000000402186d1        0x3 
 .irom0.text    0x00000000402186d4     0x15b2 /home/piiiters/esp-open-sdk/sdk/lib/libpp.a(pp.o)
                                       0x1992 (size before relaxing)
                0x00000000402186e0                PPWdtReset
                0x0000000040218714                pp_soft_wdt_init
                0x0000000040218734                system_soft_wdt_feed
                0x0000000040218734                pp_soft_wdt_feed
                0x0000000040218750                pp_soft_wdt_stop
                0x0000000040218750                system_soft_wdt_stop
                0x000000004021877c                pp_soft_wdt_restart
                0x000000004021877c                system_soft_wdt_restart
                0x00000000402187b4                RxNodeNum
                0x00000000402187cc                TxNodeNum
                0x00000000402187f0                pp_disable_noise_timer
                0x0000000040218810                pp_enable_noise_timer
                0x0000000040218920                pp_noise_test
                0x0000000040218930                reset_noise_timer
                0x0000000040218968                pp_disable_idle_timer
                0x000000004021898c                pp_enable_idle_timer
                0x00000000402189b4                pp_try_enable_idle_timer
                0x00000000402189f0                ppPeocessRxPktHdr
                0x0000000040218d24                HdlAllBuffedEb
                0x0000000040218dac                ppTxPkt
                0x0000000040218f24                ppProcessWaitQ
                0x0000000040218f34                ppRegisterTxCallback
                0x0000000040218f5c                ppUnregisterTxCallback
                0x0000000040218f90                ppRecycleRxPkt
                0x0000000040218ff0                ppCheckTxIdle
                0x0000000040219268                pp_tx_idle_timeout
                0x0000000040219424                DefFreqCalTimerCB
                0x00000000402197a4                ppGetTxQFirstAvail_Locked
                0x0000000040219884                pp_attach
 *fill*         0x0000000040219c86        0x2 
 .irom0.text    0x0000000040219c88      0x296 /home/piiiters/esp-open-sdk/sdk/lib/libpp.a(rate_control.o)
                                        0x2a2 (size before relaxing)
                0x0000000040219ed4                RC_SetBasicRate
 *fill*         0x0000000040219f1e        0x2 
 .irom0.text    0x0000000040219f20      0x5e9 /home/piiiters/esp-open-sdk/sdk/lib/libpp.a(trc.o)
                                        0x64d (size before relaxing)
                0x0000000040219f20                phytype2mode
                0x0000000040219f3c                rc_set_rate_limit_id
                0x000000004021a058                rcUpdatePhyMode
                0x000000004021a224                rcAttach
                0x000000004021a270                rcGetTrc
                0x000000004021a278                trc_onDisconnect
                0x000000004021a27c                trc_onScanStart
                0x000000004021a290                trc_onScanDone
                0x000000004021a2ac                rc_enable_trc
                0x000000004021a384                rc_get_mask
                0x000000004021a398                rc_disable_trc
                0x000000004021a3ec                rc_disable_trc_by_interface
                0x000000004021a408                rc_get_sta_trc
                0x000000004021a44c                rc_get_trc
                0x000000004021a4bc                rc_get_trc_by_index
                0x000000004021a4dc                rc_only_sta_trc
 *fill*         0x000000004021a509        0x3 
 .irom0.text    0x000000004021a50c      0xaf7 /home/piiiters/esp-open-sdk/sdk/lib/libpp.a(wdev.o)
                                        0xc53 (size before relaxing)
                0x000000004021a518                wDev_Option_Init
                0x000000004021a60c                wDev_Enable_Beacon_Tsf
                0x000000004021a628                wDev_Disable_Beacon_Tsf
                0x000000004021a644                wDev_Set_Beacon_Int
                0x000000004021a64c                wDev_Reset_TBTT
                0x000000004021a67c                wDev_Get_Next_TBTT
                0x000000004021a8f8                wDev_Initialize
                0x000000004021a968                wDevForceAck6M
                0x000000004021a984                wDev_SetMacAddress
                0x000000004021aa20                wDev_SetRxPolicy
                0x000000004021aa74                wDev_SetBssid
                0x000000004021ab4c                wDev_ClearBssid
                0x000000004021ab84                wDev_Insert_KeyEntry
                0x000000004021ac78                wDev_remove_KeyEntry
                0x000000004021acb4                wDev_remove_KeyEntry_all_cnx
                0x000000004021ad04                wDev_Crypto_Conf
                0x000000004021ada0                wDev_Crypto_Disable
                0x000000004021add8                wDevEnableRx
                0x000000004021ae00                wdev_go_sniffer
                0x000000004021aedc                wdev_set_sniffer_addr
                0x000000004021af34                wdev_exit_sniffer
 *fill*         0x000000004021b003        0x1 
 .irom0.text    0x000000004021b004      0x3ed /home/piiiters/esp-open-sdk/sdk/lib/libpp.a(esf_buf.o)
                                        0x4c1 (size before relaxing)
                0x000000004021b00c                esf_buf_alloc
                0x000000004021b1f4                esf_buf_recycle
                0x000000004021b334                esf_buf_setup
 *fill*         0x000000004021b3f1        0x3 
 .irom0.text    0x000000004021b3f4      0x475 /home/piiiters/esp-open-sdk/sdk/lib/libnet80211.a(ieee80211.o)
                                        0x545 (size before relaxing)
                0x000000004021b478                ieee80211_rate_ref_init
                0x000000004021b48c                ieee80211_freedom_inside_cb
                0x000000004021b4bc                ieee80211_freedom_init
                0x000000004021b4e0                ieee80211_user_ie_init
                0x000000004021b4fc                ieee80211_ifattach
                0x000000004021b560                ieee80211_mhz2ieee
                0x000000004021b5bc                ieee80211_chan2ieee
                0x000000004021b5d8                ieee80211_ieee2mhz
                0x000000004021b618                ieee80211_find_channel
                0x000000004021b644                ieee80211_find_channel_byieee
                0x000000004021b694                wifi_mode_set
 *fill*         0x000000004021b869        0x3 
 .irom0.text    0x000000004021b86c       0xcf /home/piiiters/esp-open-sdk/sdk/lib/libnet80211.a(ieee80211_crypto.o)
                                         0xd7 (size before relaxing)
                0x000000004021b86c                ieee80211_crypto_attach
                0x000000004021b870                ieee80211_crypto_available
                0x000000004021b874                ieee80211_crypto_setkey
                0x000000004021b878                ieee80211_crypto_encap
                0x000000004021b8d0                ieee80211_crypto_decap
 *fill*         0x000000004021b93b        0x1 
 .irom0.text    0x000000004021b93c       0x4c /home/piiiters/esp-open-sdk/sdk/lib/libnet80211.a(ieee80211_ets.o)
                                         0x50 (size before relaxing)
                0x000000004021b940                ieee80211_getmgtframe
 .irom0.text    0x000000004021b988     0x1a08 /home/piiiters/esp-open-sdk/sdk/lib/libnet80211.a(ieee80211_hostap.o)
                                       0x1f77 (size before relaxing)
                0x000000004021bfac                ieee80211_hostap_attach
                0x000000004021c0a8                hostap_handle_timer
                0x000000004021c140                hostap_input
                0x000000004021d08c                wifi_softap_start
                0x000000004021d1f8                wifi_softap_stop
 *fill*         0x000000004021d390        0x0 
 .irom0.text    0x000000004021d390      0xa82 /home/piiiters/esp-open-sdk/sdk/lib/libnet80211.a(ieee80211_ht.o)
                                        0xb4e (size before relaxing)
                0x000000004021d3a0                ieee80211_ht_attach
                0x000000004021d3f4                ieee80211_ht_node_init
                0x000000004021d434                ieee80211_ht_node_cleanup
                0x000000004021d46c                ieee80211_parse_htcap
                0x000000004021d550                ieee80211_ht_updateparams
                0x000000004021d664                ieee80211_setup_htrates
                0x000000004021d730                ieee80211_setup_basic_htrates
                0x000000004021da7c                ieee80211_add_htcap
                0x000000004021da98                ieee80211_add_htcap_vendor
                0x000000004021dbbc                ieee80211_add_htinfo
                0x000000004021dbd8                ieee80211_add_htinfo_vendor
 *fill*         0x000000004021de12        0x2 
 .irom0.text    0x000000004021de14      0xa8c /home/piiiters/esp-open-sdk/sdk/lib/libnet80211.a(ieee80211_input.o)
                                        0xb1c (size before relaxing)
                0x000000004021de14                ieee80211_deliver_data
                0x000000004021de68                ieee80211_decap
                0x000000004021df6c                ieee80211_setup_rates
                0x000000004021dfdc                ieee80211_alloc_challenge
                0x000000004021e018                ieee80211_parse_beacon
                0x000000004021e5ec                ieee80211_parse_wpa
                0x000000004021e700                ieee80211_parse_rsn
                0x000000004021e800                ieee80211_parse_action
                0x000000004021e89c                ieee80211_setup_rateset
 .irom0.text    0x000000004021e8a0      0x2a6 /home/piiiters/esp-open-sdk/sdk/lib/libnet80211.a(ieee80211_mesh_quick.o)
                                        0x302 (size before relaxing)
                0x000000004021e8ac                ieee80211_mesh_quick_init
                0x000000004021e91c                ieee80211_mesh_quick_deinit
                0x000000004021e94c                ieee80211_mesh_quick_set
                0x000000004021ea48                ieee80211_mesh_quick_get
                0x000000004021eb14                ieee80211_mesh_quick_ie_add
 *fill*         0x000000004021eb46        0x2 
 .irom0.text    0x000000004021eb48     0x1c46 /home/piiiters/esp-open-sdk/sdk/lib/libnet80211.a(ieee80211_output.o)
                                       0x1fe2 (size before relaxing)
                0x000000004021eb4c                ieee80211_output_pbuf
                0x000000004021edbc                ieee80211_send_setup